------------- NVBit (NVidia Binary Instrumentation Tool v1.8) Loaded --------------
NVBit core environment variables (mostly for nvbit-devs):
ACK_CTX_INIT_LIMITATION = 0 - if set, no warning will be printed for nvbit_at_ctx_init()
            NVDISASM = nvdisasm - override default nvdisasm found in PATH
            NOBANNER = 0 - if set, does not print this banner
       NO_EAGER_LOAD = 1 - lazy module loading is now turned on by default. If you see deadlocks in your tool, set NO_EAGER_LOAD to 0
---------------------------------------------------------------------------------
         INSTR_BEGIN = 0 - Beginning of the instruction interval where to apply instrumentation
           INSTR_END = 4294967295 - End of the instruction interval where to apply instrumentation
      START_GRID_NUM = 0 - Beginning of the kernel gird launch interval where to apply instrumentation
        END_GRID_NUM = 4294967295 - End of the kernel launch interval where to apply instrumentation
   ACTIVE_FROM_START = 1 - Start instruction counting from start or wait for cuProfilerStart and cuProfilerStop
       MANGLED_NAMES = 1 - Print kernel names mangled or not
        TOOL_VERBOSE = 0 - Enable verbosity inside the tool
WARNING: Do not call CUDA memory allocation in nvbit_at_ctx_init(). It will cause deadlocks. Do them in nvbit_tool_init(). If you encounter deadlocks, remove CUDA API calls to debug.
----------------------------------------------------------------------------------------------------

Kernel 0: _Z5ghostPf
Grid blocks:   (131072, 1, 1)
Block threads: (512, 1, 1)
Warp instructions: 39582600
Active lane total: 966834944
Kernel divergence: 0.236695114
Final sum = 138361232

Total warp instructions: 39582600
Total active lanes: 966834944
Overall divergence: 0.236695114
